// Jest Snapshot v1, https://goo.gl/fbAQLP

exports[`Button Should be able to match snapshot 1`] = `
<button>
  Simple
</button>
`;
